Defaulting to user installation because normal site-packages is not writeable
Collecting fpdf2
  Downloading fpdf2-2.8.5-py3-none-any.whl.metadata (76 kB)
     ━━━━━━━━━━━━━━━━━━━━━━━━━━━━━━━━━━━━━━━━ 76.9/76.9 kB 4.6 MB/s eta 0:00:00

Collecting defusedxml (from fpdf2)
  Downloading defusedxml-0.7.1-py2.py3-none-any.whl.metadata (32 kB)
Collecting Pillow!=9.2.*,>=8.3.2 (from fpdf2)
  Downloading pillow-12.0.0-cp312-cp312-manylinux_2_27_x86_64.manylinux_2_28_x86_64.whl.metadata (8.8 kB)
Collecting fonttools>=4.34.0 (from fpdf2)
  Downloading fonttools-4.60.1-cp312-cp312-manylinux1_x86_64.manylinux2014_x86_64.manylinux_2_17_x86_64.manylinux_2_5_x86_64.whl.metadata (112 kB)
     ━━━━━━━━━━━━━━━━━━━━━━━━━━━━━━━━━━━━━━ 112.3/112.3 kB 16.4 MB/s eta 0:00:00

Downloading fpdf2-2.8.5-py3-none-any.whl (301 kB)
   ━━━━━━━━━━━━━━━━━━━━━━━━━━━━━━━━━━━━━━━━ 301.6/301.6 kB 25.5 MB/s eta 0:00:00

Downloading fonttools-4.60.1-cp312-cp312-manylinux1_x86_64.manylinux2014_x86_64.manylinux_2_17_x86_64.manylinux_2_5_x86_64.whl (4.9 MB)
   ━━━━━━━━━━━━━━━━━━━━━━━━━━━━━━━━━━━━━━━━ 4.9/4.9 MB 128.6 MB/s eta 0:00:00

Downloading pillow-12.0.0-cp312-cp312-manylinux_2_27_x86_64.manylinux_2_28_x86_64.whl (7.0 MB)
   ━━━━━━━━━━━━━━━━━━━━━━━━━━━━━━━━━━━━━━━━ 7.0/7.0 MB 175.3 MB/s eta 0:00:00

Downloading defusedxml-0.7.1-py2.py3-none-any.whl (25 kB)
Installing collected packages: Pillow, fonttools, defusedxml, fpdf2
Successfully installed Pillow-12.0.0 defusedxml-0.7.1 fonttools-4.60.1 fpdf2-2.8.5
