Starting Nmap 7.94SVN ( https://nmap.org ) at 2025-11-13 17:59 UTC
Nmap scan report for 94-237-62-103.uk-lon1.upcloud.host (94.237.62.103)
Host is up (0.16s latency).

PORT      STATE SERVICE VERSION
46941/tcp open  unknown
| fingerprint-strings: 
|   GetRequest: 
|     HTTP/1.1 200 OK
|     Server: Werkzeug/3.1.3 Python/3.11.13
|     Date: Thu, 13 Nov 2025 17:59:39 GMT
|     Content-Type: text/html; charset=utf-8
|     Content-Length: 773
|     Set-Cookie: access_token_cookie=eyJhbGciOiJIUzI1NiIsInR5cCI6IkpXVCJ9.eyJmcmVzaCI6ZmFsc2UsImlhdCI6MTc2MzA1Njc3OSwianRpIjoiN2I2YjZmYjctMDFlMS00ZjI3LWJlMmUtMmY2Mzc2ZDM0ZGUzIiwidHlwZSI6ImFjY2VzcyIsInN1YiI6eyJsZXZlbCI6MX0sIm5iZiI6MTc2MzA1Njc3OSwiY3NyZiI6ImE3YjQ4YjMwLWFjMzMtNGE2NC05YjQyLWRkMDc5MzhjMWVjYyIsImV4cCI6MTc2MzA1NzY3OX0.o76YCcyW487oswtkMvhfjp6x1onK-fP04rsyBws-aIE; HttpOnly; Path=/
|     Set-Cookie: csrf_access_token=a7b48b30-ac33-4a64-9b42-dd07938c1ecc; Path=/
|     Connection: close
|     <!DOCTYPE html>
|     <html lang="en" >
|     <head>
|     <meta charset="UTF-8">
|     <title>Welcome To Prometheon</title>
|     <link rel="stylesheet" href="static/welcome.css">
|     </head>
|     <body>
|     <!-- partial:index.partial.html -->
|     <div class="welcome-page">
|     <div class="corner"></d
|   HTTPOptions: 
|     HTTP/1.1 200 OK
|     Server: Werkzeug/3.1.3 Python/3.11.13
|     Date: Thu, 13 Nov 2025 17:59:39 GMT
|     Content-Type: text/html; charset=utf-8
|     Allow: GET, HEAD, OPTIONS
|     Content-Length: 0
|     Connection: close
|   RTSPRequest: 
|     <!DOCTYPE HTML>
|     <html lang="en">
|     <head>
|     <meta charset="utf-8">
|     <title>Error response</title>
|     </head>
|     <body>
|     <h1>Error response</h1>
|     <p>Error code: 400</p>
|     <p>Message: Bad request version ('RTSP/1.0').</p>
|     <p>Error code explanation: 400 - Bad request syntax or unsupported method.</p>
|     </body>
|_    </html>
1 service unrecognized despite returning data. If you know the service/version, please submit the following fingerprint at https://nmap.org/cgi-bin/submit.cgi?new-service :
SF-Port46941-TCP:V=7.94SVN%I=7%D=11/13%Time=69161C8B%P=x86_64-pc-linux-gnu
SF:%r(GetRequest,584,"HTTP/1\.1\x20200\x20OK\r\nServer:\x20Werkzeug/3\.1\.
SF:3\x20Python/3\.11\.13\r\nDate:\x20Thu,\x2013\x20Nov\x202025\x2017:59:39
SF:\x20GMT\r\nContent-Type:\x20text/html;\x20charset=utf-8\r\nContent-Leng
SF:th:\x20773\r\nSet-Cookie:\x20access_token_cookie=eyJhbGciOiJIUzI1NiIsIn
SF:R5cCI6IkpXVCJ9\.eyJmcmVzaCI6ZmFsc2UsImlhdCI6MTc2MzA1Njc3OSwianRpIjoiN2I
SF:2YjZmYjctMDFlMS00ZjI3LWJlMmUtMmY2Mzc2ZDM0ZGUzIiwidHlwZSI6ImFjY2VzcyIsIn
SF:N1YiI6eyJsZXZlbCI6MX0sIm5iZiI6MTc2MzA1Njc3OSwiY3NyZiI6ImE3YjQ4YjMwLWFjM
SF:zMtNGE2NC05YjQyLWRkMDc5MzhjMWVjYyIsImV4cCI6MTc2MzA1NzY3OX0\.o76YCcyW487
SF:oswtkMvhfjp6x1onK-fP04rsyBws-aIE;\x20HttpOnly;\x20Path=/\r\nSet-Cookie:
SF:\x20csrf_access_token=a7b48b30-ac33-4a64-9b42-dd07938c1ecc;\x20Path=/\r
SF:\nConnection:\x20close\r\n\r\n<!DOCTYPE\x20html>\n<html\x20lang=\"en\"\
SF:x20>\n<head>\n\x20\x20<meta\x20charset=\"UTF-8\">\n\x20\x20<title>Welco
SF:me\x20To\x20Prometheon</title>\n\x20\x20<link\x20rel=\"stylesheet\"\x20
SF:href=\"static/welcome\.css\">\n\n</head>\n<body>\n<!--\x20partial:index
SF:\.partial\.html\x20-->\n<div\x20class=\"welcome-page\">\n\x20\x20<div\x
SF:20class=\"corner\"></d")%r(HTTPOptions,C8,"HTTP/1\.1\x20200\x20OK\r\nSe
SF:rver:\x20Werkzeug/3\.1\.3\x20Python/3\.11\.13\r\nDate:\x20Thu,\x2013\x2
SF:0Nov\x202025\x2017:59:39\x20GMT\r\nContent-Type:\x20text/html;\x20chars
SF:et=utf-8\r\nAllow:\x20GET,\x20HEAD,\x20OPTIONS\r\nContent-Length:\x200\
SF:r\nConnection:\x20close\r\n\r\n")%r(RTSPRequest,16C,"<!DOCTYPE\x20HTML>
SF:\n<html\x20lang=\"en\">\n\x20\x20\x20\x20<head>\n\x20\x20\x20\x20\x20\x
SF:20\x20\x20<meta\x20charset=\"utf-8\">\n\x20\x20\x20\x20\x20\x20\x20\x20
SF:<title>Error\x20response</title>\n\x20\x20\x20\x20</head>\n\x20\x20\x20
SF:\x20<body>\n\x20\x20\x20\x20\x20\x20\x20\x20<h1>Error\x20response</h1>\
SF:n\x20\x20\x20\x20\x20\x20\x20\x20<p>Error\x20code:\x20400</p>\n\x20\x20
SF:\x20\x20\x20\x20\x20\x20<p>Message:\x20Bad\x20request\x20version\x20\('
SF:RTSP/1\.0'\)\.</p>\n\x20\x20\x20\x20\x20\x20\x20\x20<p>Error\x20code\x2
SF:0explanation:\x20400\x20-\x20Bad\x20request\x20syntax\x20or\x20unsuppor
SF:ted\x20method\.</p>\n\x20\x20\x20\x20</body>\n</html>\n");

Service detection performed. Please report any incorrect results at https://nmap.org/submit/ .
Nmap done: 1 IP address (1 host up) scanned in 95.87 seconds
