*   Trying 94.237.62.103:46941...
* Connected to 94.237.62.103 (94.237.62.103) port 46941
> GET /static/script.js HTTP/1.1
> Host: 94.237.62.103:46941
> User-Agent: curl/8.5.0
> Accept: */*
> Cookie: access_token_cookie=eyJhbGciOiJIUzI1NiIsInR5cCI6IkpXVCJ9.eyJmcmVzaCI6ZmFsc2UsImlhdCI6MTc2MzA1Njg4NSwianRpIjoiNTk2ZjA0NWYtMDY2My00ZmRiLThiN2EtYjRhZmJiYmRkMjMwIiwidHlwZSI6ImFjY2VzcyIsInN1YiI6eyJsZXZlbCI6MX0sIm5iZiI6MTc2MzA1Njg4NSwiY3NyZiI6ImFjMWNkZTBjLTljOTktNDllYS1iNzdmLWQwMDM0ZGVhNGY3MiIsImV4cCI6MTc2MzA1Nzc4NX0.xVhD3DqdRRppxfgpvvhEaKStxtq6bW1Z19aXCDMesIU; csrf_access_token=ac1cde0c-9c99-49ea-b77f-d0034dea4f72
> 
< HTTP/1.1 200 OK
< Server: Werkzeug/3.1.3 Python/3.11.13
< Date: Thu, 13 Nov 2025 18:01:36 GMT
< Content-Disposition: inline; filename=script.js
< Content-Type: application/javascript; charset=utf-8
< Content-Length: 3743
< Last-Modified: Mon, 04 Aug 2025 14:10:35 GMT
< Cache-Control: no-cache
< ETag: "1754316635.0-3743-1435240439"
< Date: Thu, 13 Nov 2025 18:01:36 GMT
< Connection: close
< 
{ [2796 bytes data]
* Closing connection
$(document).ready(function() {
  $("#input").keypress(function(event) {
    if (event.which === 13) {
      event.preventDefault();
      send();
    }
  });
  $("#password").keypress(function(event) {
    if (event.which === 13) {
      event.preventDefault();
      verify();
    }
  });
  $("#rec").click(function() {
    send();
  });
  $('#verify').click(function() {
    verify();
  });
});

function send() {
  var blink = "<span class='blinking-cursor'>" + "_<span>";
  var text = $("#input").val();
  var csrf = $.cookie("csrf_access_token");
  $.ajaxSetup({
    headers:{
       'X-CSRF-TOKEN': csrf
    }
 });
// send the text to /process and wait for the response. Then call setResponse with the data returned
  $.post("/process", {text: text, withCredentials: true}, function(data) {
    setResponse(data + blink);
  });
  $("#input").val("");
  
}

function verify() {
  var password = $("#password").val();
  var csrf = $.cookie("csrf_access_token");
  $.ajaxSetup({
    headers:{
       'X-CSRF-TOKEN': csrf
    }
 });
  $.post("/verify", {password: password, withCredentials: true}, function(response){
    if (response.includes("HTB") ) {
      alert(response)
    }
    else if (response != "Wrong")
    {
      alert("Correct password! Moving on to the next level");
      window.location.href = response;
    }
    else
    {
     alert("Wrong password! Try again!")
    }
  }
  );
}

function setResponse(val) {
  $("#response").html(val);
}


/*
 The javascript aims to create the necessary particles
 and give them dynamic values such as, size and placement
 for the fire effect but all animation are handeled by
 css for an easier control in the behaviour
*/

//set vars
const fireFrontContainer = document.getElementById('fireFront');
const fireMidContainer = document.getElementById('fireMid');
const fireBackContainer = document.getElementById('fireBack');

var NPFireFront = rand(10, 15);
var arrayPFireFront = [];
var NPFireMid = rand(80, 100);
var arrayPFireMid = [];
var NPFireBack = rand(100, 140);
var arrayPFireBack = [];

while (arrayPFireFront.length < NPFireFront) {
  var fireParticle = new FireParticle('front');
  arrayPFireFront.push(fireParticle);
  fireFrontContainer.innerHTML += fireParticle.html;
}

while (arrayPFireMid.length < NPFireMid) {
  var fireParticle = new FireParticle('mid');
  arrayPFireMid.push(fireParticle);
  fireMidContainer.innerHTML += fireParticle.html;
}

while (arrayPFireBack.length < NPFireBack) {
  var fireParticle = new FireParticle('back');
  arrayPFireBack.push(fireParticle);
  fireBackContainer.innerHTML += fireParticle.html;
}

function FireParticle(type) {
  if (type === 'front') {
    this.radius = rand(1, 15);
    this.margin = this.radius / 2;
    this.spped = randInt(1, 1.5);
    this.delay = randInt(1, 2);
    this.y = randInt(0.5, 1);
    this.x = randInt(40, 60);
  } else if (type === 'mid') {
    this.radius = rand(10, 30);
    this.margin = this.radius / 2;
    this.spped = randInt(0.2, 0.6);
    this.delay = randInt(0.5, 1);
    this.y = randInt(0.25, 0.5);
    this.x = randInt(35, 65);
  } else if (type == 'back') {
    this.radius = rand(10, 40);
    this.margin = this.radius / 2;
    this.spped = randInt(0.6, 0.8);
    this.delay = randInt(0, 0.5);
    this.y = randInt(0, 0.5);
    this.x = randInt(35, 65);
  }
  this.html = '<span style="width: ' + this.radius + 'px; height: ' + this.radius + 'px; left: ' + this.x + '%; bottom: ' + this.y + '%; margin-left: -' + this.margin + 'px; animation-delay: ' + this.delay + 's; animation-speed: ' + this.speed + 's"></span>';
}

function rand(min, max) {
  return Math.floor(Math.random() * (max - min)) + min;
}

function randInt(min, max) {
  return Math.random() * (max - min) + min;
}